Invoked as: /home/qu1bble/AuraCounter/.buildozer/android/platform/build-arm64-v8a_armeabi-v7a/build/other_builds/sqlite3/armeabi-v7a__ndk_target_24/sqlite3/configure --disable-tcl --prefix=/home/qu1bble/AuraCounter/.buildozer/android/platform/build-arm64-v8a_armeabi-v7a/build/other_builds/sqlite3/armeabi-v7a__ndk_target_24/sqlite3 --host=arm-linux-androideabi
Tclsh: /usr/bin/tclsh
Failed: /home/qu1bble/.buildozer/android/platform/android-ndk-r28c/toolchains/llvm/prebuilt/linux-x86_64/bin/clang -target armv7a-linux-androideabi24 -fomit-frame-pointer -march=armv7-a -mfloat-abi=softfp -mfpu=vfp -mthumb -fPIC -c -D_FILE_OFFSET_BITS=64 -target armv7a-linux-androideabi24 -fomit-frame-pointer -march=armv7-a -mfloat-abi=softfp -mfpu=vfp -mthumb -fPIC -DANDROID -I/home/qu1bble/.buildozer/android/platform/android-ndk-r28c/toolchains/llvm/prebuilt/linux-x86_64/sysroot/usr/include -I/home/qu1bble/AuraCounter/.buildozer/android/platform/build-arm64-v8a_armeabi-v7a/build/other_builds/python3/armeabi-v7a__ndk_target_24/python3/android-build/android-root/include/python3.14 conftest__.c -o conftest__.o
conftest__.c:3:15: error: '_x' declared as an array with a negative size
    3 | static int _x[sizeof(off_t) == 4 ? 1 : -1] = { 1 };
      |               ^~~~~~~~~~~~~~~~~~~~~~~~~~~
1 error generated.
child process exited abnormally
============
The failed code was:
#include <sys/types.h>
int main(void) {
static int _x[sizeof(off_t) == 4 ? 1 : -1] = { 1 };
return 0;
}
============
Failed: /home/qu1bble/.buildozer/android/platform/android-ndk-r28c/toolchains/llvm/prebuilt/linux-x86_64/bin/clang -target armv7a-linux-androideabi24 -fomit-frame-pointer -march=armv7-a -mfloat-abi=softfp -mfpu=vfp -mthumb -fPIC -L/home/qu1bble/AuraCounter/.buildozer/android/platform/build-arm64-v8a_armeabi-v7a/build/libs_collections/auracounter/armeabi-v7a -target armv7a-linux-androideabi24 -fomit-frame-pointer -march=armv7-a -mfloat-abi=softfp -mfpu=vfp -mthumb -fPIC conftest__.c -o conftest__
ld.lld: error: undefined symbol: localtime_s
>>> referenced by conftest__.c
>>>               /tmp/conftest__-269479.o:(main)
>>> did you mean: localtime_r
>>> defined in: /home/qu1bble/.buildozer/android/platform/android-ndk-r28c/toolchains/llvm/prebuilt/linux-x86_64/bin/../sysroot/usr/lib/arm-linux-androideabi/24/libc.so
clang: error: linker command failed with exit code 1 (use -v to see invocation)
child process exited abnormally
============
The failed code was:
extern void localtime_s(void);
int main(void) {
localtime_s();
return 0;
}
============
Failed: /home/qu1bble/.buildozer/android/platform/android-ndk-r28c/toolchains/llvm/prebuilt/linux-x86_64/bin/clang -target armv7a-linux-androideabi24 -fomit-frame-pointer -march=armv7-a -mfloat-abi=softfp -mfpu=vfp -mthumb -fPIC -L/home/qu1bble/AuraCounter/.buildozer/android/platform/build-arm64-v8a_armeabi-v7a/build/libs_collections/auracounter/armeabi-v7a -target armv7a-linux-androideabi24 -fomit-frame-pointer -march=armv7-a -mfloat-abi=softfp -mfpu=vfp -mthumb -fPIC conftest__.c -o conftest__
ld.lld: error: undefined symbol: deflate
>>> referenced by conftest__.c
>>>               /tmp/conftest__-8fbe69.o:(main)
clang: error: linker command failed with exit code 1 (use -v to see invocation)
child process exited abnormally
============
The failed code was:
extern void deflate(void);
int main(void) {
deflate();
return 0;
}
============
Failed: /home/qu1bble/.buildozer/android/platform/android-ndk-r28c/toolchains/llvm/prebuilt/linux-x86_64/bin/clang -target armv7a-linux-androideabi24 -fomit-frame-pointer -march=armv7-a -mfloat-abi=softfp -mfpu=vfp -mthumb -fPIC -c -fsanitize=bounds-strict -target armv7a-linux-androideabi24 -fomit-frame-pointer -march=armv7-a -mfloat-abi=softfp -mfpu=vfp -mthumb -fPIC -DANDROID -I/home/qu1bble/.buildozer/android/platform/android-ndk-r28c/toolchains/llvm/prebuilt/linux-x86_64/sysroot/usr/include -I/home/qu1bble/AuraCounter/.buildozer/android/platform/build-arm64-v8a_armeabi-v7a/build/other_builds/python3/armeabi-v7a__ndk_target_24/python3/android-build/android-root/include/python3.14 conftest__.c -o conftest__.o
clang: error: unsupported argument 'bounds-strict' to option '-fsanitize='
child process exited abnormally
============
The failed code was:
int main(void) {

return 0;
}
============
Failed: /home/qu1bble/.buildozer/android/platform/android-ndk-r28c/toolchains/llvm/prebuilt/linux-x86_64/bin/clang -target armv7a-linux-androideabi24 -fomit-frame-pointer -march=armv7-a -mfloat-abi=softfp -mfpu=vfp -mthumb -fPIC -L/home/qu1bble/AuraCounter/.buildozer/android/platform/build-arm64-v8a_armeabi-v7a/build/libs_collections/auracounter/armeabi-v7a -target armv7a-linux-androideabi24 -fomit-frame-pointer -march=armv7-a -mfloat-abi=softfp -mfpu=vfp -mthumb -fPIC conftest__.c -o conftest__
conftest__.c:1:13: warning: incompatible redeclaration of library function 'ceil' [-Wincompatible-library-redeclaration]
    1 | extern void ceil(void);
      |             ^
conftest__.c:1:13: note: 'ceil' is a builtin with type 'double (double)'
1 warning generated.
ld.lld: error: undefined symbol: ceil
>>> referenced by conftest__.c
>>>               /tmp/conftest__-855a78.o:(main)
clang: error: linker command failed with exit code 1 (use -v to see invocation)
child process exited abnormally
============
The failed code was:
extern void ceil(void);
int main(void) {
ceil();
return 0;
}
============
